W0905 23:03:31.094000 177 torch/distributed/run.py:862] 
W0905 23:03:31.094000 177 torch/distributed/run.py:862] *****************************************
W0905 23:03:31.094000 177 torch/distributed/run.py:862] Setting OMP_NUM_THREADS environment variable for each process to be 1 in default, to avoid your system being overloaded, please further tune the variable for optimal performance in your application as needed. 
W0905 23:03:31.094000 177 torch/distributed/run.py:862] *****************************************
:1:rockernel.cpp            :32  : 0078174278 us:  kernel _Z23ncclDevKernel_Generic_124ncclDevKernelArgsStorageILm4096EE declares hidden_hostcall_buffer (device printf/assert) but device gfx1100 has no PCIe AtomicOps to the host (hipDeviceAttributeHostNativeAtomicSupported=0); HIP_HOSTCALL_ALLOW_MISSING=1: its launches proceed with a null hostcall buffer, and a hostcall from it will fault
:1:rockernel.cpp            :32  : 0078174524 us:  kernel _Z23ncclDevKernel_Generic_224ncclDevKernelArgsStorageILm4096EE declares hidden_hostcall_buffer (device printf/assert) but device gfx1100 has no PCIe AtomicOps to the host (hipDeviceAttributeHostNativeAtomicSupported=0); HIP_HOSTCALL_ALLOW_MISSING=1: its launches proceed with a null hostcall buffer, and a hostcall from it will fault
:1:rockernel.cpp            :32  : 0078174586 us:  kernel _Z23ncclDevKernel_Generic_424ncclDevKernelArgsStorageILm4096EE declares hidden_hostcall_buffer (device printf/assert) but device gfx1100 has no PCIe AtomicOps to the host (hipDeviceAttributeHostNativeAtomicSupported=0); HIP_HOSTCALL_ALLOW_MISSING=1: its launches proceed with a null hostcall buffer, and a hostcall from it will fault
:1:rockernel.cpp            :32  : 0078182946 us:  kernel _Z23ncclDevKernel_Generic_124ncclDevKernelArgsStorageILm4096EE declares hidden_hostcall_buffer (device printf/assert) but device gfx1100 has no PCIe AtomicOps to the host (hipDeviceAttributeHostNativeAtomicSupported=0); HIP_HOSTCALL_ALLOW_MISSING=1: its launches proceed with a null hostcall buffer, and a hostcall from it will fault
:1:rockernel.cpp            :32  : 0078183213 us:  kernel _Z23ncclDevKernel_Generic_224ncclDevKernelArgsStorageILm4096EE declares hidden_hostcall_buffer (device printf/assert) but device gfx1100 has no PCIe AtomicOps to the host (hipDeviceAttributeHostNativeAtomicSupported=0); HIP_HOSTCALL_ALLOW_MISSING=1: its launches proceed with a null hostcall buffer, and a hostcall from it will fault
:1:rockernel.cpp            :32  : 0078183276 us:  kernel _Z23ncclDevKernel_Generic_424ncclDevKernelArgsStorageILm4096EE declares hidden_hostcall_buffer (device printf/assert) but device gfx1100 has no PCIe AtomicOps to the host (hipDeviceAttributeHostNativeAtomicSupported=0); HIP_HOSTCALL_ALLOW_MISSING=1: its launches proceed with a null hostcall buffer, and a hostcall from it will fault
:1:rockernel.cpp            :32  : 0078386250 us:  kernel _Z53ncclSymkDevKernel_ReduceScatter_RailA2A_LsaLD_sum_f3221ncclSymkDevWorkArgs4K declares hidden_hostcall_buffer (device printf/assert) but device gfx1100 has no PCIe AtomicOps to the host (hipDeviceAttributeHostNativeAtomicSupported=0); HIP_HOSTCALL_ALLOW_MISSING=1: its launches proceed with a null hostcall buffer, and a hostcall from it will fault
:1:rockernel.cpp            :32  : 0078389610 us:  kernel _Z53ncclSymkDevKernel_ReduceScatter_RailA2A_LsaLD_sum_f1621ncclSymkDevWorkArgs4K declares hidden_hostcall_buffer (device printf/assert) but device gfx1100 has no PCIe AtomicOps to the host (hipDeviceAttributeHostNativeAtomicSupported=0); HIP_HOSTCALL_ALLOW_MISSING=1: its launches proceed with a null hostcall buffer, and a hostcall from it will fault
:1:rockernel.cpp            :32  : 0078393267 us:  kernel _Z54ncclSymkDevKernel_ReduceScatter_RailA2A_LsaLD_sum_bf1621ncclSymkDevWorkArgs4K declares hidden_hostcall_buffer (device printf/assert) but device gfx1100 has no PCIe AtomicOps to the host (hipDeviceAttributeHostNativeAtomicSupported=0); HIP_HOSTCALL_ALLOW_MISSING=1: its launches proceed with a null hostcall buffer, and a hostcall from it will fault
:1:rockernel.cpp            :32  : 0078395937 us:  kernel _Z53ncclSymkDevKernel_ReduceScatter_RailA2A_LsaLD_sum_f3221ncclSymkDevWorkArgs4K declares hidden_hostcall_buffer (device printf/assert) but device gfx1100 has no PCIe AtomicOps to the host (hipDeviceAttributeHostNativeAtomicSupported=0); HIP_HOSTCALL_ALLOW_MISSING=1: its launches proceed with a null hostcall buffer, and a hostcall from it will fault
:1:rockernel.cpp            :32  : 0078399298 us:  kernel _Z53ncclSymkDevKernel_ReduceScatter_RailA2A_LsaLD_sum_f1621ncclSymkDevWorkArgs4K declares hidden_hostcall_buffer (device printf/assert) but device gfx1100 has no PCIe AtomicOps to the host (hipDeviceAttributeHostNativeAtomicSupported=0); HIP_HOSTCALL_ALLOW_MISSING=1: its launches proceed with a null hostcall buffer, and a hostcall from it will fault
:1:rockernel.cpp            :32  : 0078402950 us:  kernel _Z54ncclSymkDevKernel_ReduceScatter_RailA2A_LsaLD_sum_bf1621ncclSymkDevWorkArgs4K declares hidden_hostcall_buffer (device printf/assert) but device gfx1100 has no PCIe AtomicOps to the host (hipDeviceAttributeHostNativeAtomicSupported=0); HIP_HOSTCALL_ALLOW_MISSING=1: its launches proceed with a null hostcall buffer, and a hostcall from it will fault
:1:rockernel.cpp            :32  : 0078406598 us:  kernel _Z56ncclSymkDevKernel_ReduceScatter_RailA2A_LsaLD_sum_f8e4m321ncclSymkDevWorkArgs4K declares hidden_hostcall_buffer (device printf/assert) but device gfx1100 has no PCIe AtomicOps to the host (hipDeviceAttributeHostNativeAtomicSupported=0); HIP_HOSTCALL_ALLOW_MISSING=1: its launches proceed with a null hostcall buffer, and a hostcall from it will fault
:1:rockernel.cpp            :32  : 0078416721 us:  kernel _Z56ncclSymkDevKernel_ReduceScatter_RailA2A_LsaLD_sum_f8e4m321ncclSymkDevWorkArgs4K declares hidden_hostcall_buffer (device printf/assert) but device gfx1100 has no PCIe AtomicOps to the host (hipDeviceAttributeHostNativeAtomicSupported=0); HIP_HOSTCALL_ALLOW_MISSING=1: its launches proceed with a null hostcall buffer, and a hostcall from it will fault
:1:rockernel.cpp            :32  : 0078422572 us:  kernel _Z56ncclSymkDevKernel_ReduceScatter_RailA2A_LsaLD_sum_f8e5m221ncclSymkDevWorkArgs4K declares hidden_hostcall_buffer (device printf/assert) but device gfx1100 has no PCIe AtomicOps to the host (hipDeviceAttributeHostNativeAtomicSupported=0); HIP_HOSTCALL_ALLOW_MISSING=1: its launches proceed with a null hostcall buffer, and a hostcall from it will fault
:1:rockernel.cpp            :32  : 0078427464 us:  kernel _Z53ncclSymkDevKernel_ReduceScatter_RailA2A_LsaLD_avg_f3221ncclSymkDevWorkArgs4K declares hidden_hostcall_buffer (device printf/assert) but device gfx1100 has no PCIe AtomicOps to the host (hipDeviceAttributeHostNativeAtomicSupported=0); HIP_HOSTCALL_ALLOW_MISSING=1: its launches proceed with a null hostcall buffer, and a hostcall from it will fault
:1:rockernel.cpp            :32  : 0078429779 us:  kernel _Z53ncclSymkDevKernel_ReduceScatter_RailA2A_LsaLD_avg_f1621ncclSymkDevWorkArgs4K declares hidden_hostcall_buffer (device printf/assert) but device gfx1100 has no PCIe AtomicOps to the host (hipDeviceAttributeHostNativeAtomicSupported=0); HIP_HOSTCALL_ALLOW_MISSING=1: its launches proceed with a null hostcall buffer, and a hostcall from it will fault
:1:rockernel.cpp            :32  : 0078432192 us:  kernel _Z54ncclSymkDevKernel_ReduceScatter_RailA2A_LsaLD_avg_bf1621ncclSymkDevWorkArgs4K declares hidden_hostcall_buffer (device printf/assert) but device gfx1100 has no PCIe AtomicOps to the host (hipDeviceAttributeHostNativeAtomicSupported=0); HIP_HOSTCALL_ALLOW_MISSING=1: its launches proceed with a null hostcall buffer, and a hostcall from it will fault
:1:rockernel.cpp            :32  : 0078432785 us:  kernel _Z56ncclSymkDevKernel_ReduceScatter_RailA2A_LsaLD_sum_f8e5m221ncclSymkDevWorkArgs4K declares hidden_hostcall_buffer (device printf/assert) but device gfx1100 has no PCIe AtomicOps to the host (hipDeviceAttributeHostNativeAtomicSupported=0); HIP_HOSTCALL_ALLOW_MISSING=1: its launches proceed with a null hostcall buffer, and a hostcall from it will fault
:1:rockernel.cpp            :32  : 0078436095 us:  kernel _Z56ncclSymkDevKernel_ReduceScatter_RailA2A_LsaLD_avg_f8e4m321ncclSymkDevWorkArgs4K declares hidden_hostcall_buffer (device printf/assert) but device gfx1100 has no PCIe AtomicOps to the host (hipDeviceAttributeHostNativeAtomicSupported=0); HIP_HOSTCALL_ALLOW_MISSING=1: its launches proceed with a null hostcall buffer, and a hostcall from it will fault
:1:rockernel.cpp            :32  : 0078437690 us:  kernel _Z53ncclSymkDevKernel_ReduceScatter_RailA2A_LsaLD_avg_f3221ncclSymkDevWorkArgs4K declares hidden_hostcall_buffer (device printf/assert) but device gfx1100 has no PCIe AtomicOps to the host (hipDeviceAttributeHostNativeAtomicSupported=0); HIP_HOSTCALL_ALLOW_MISSING=1: its launches proceed with a null hostcall buffer, and a hostcall from it will fault
:1:rockernel.cpp            :32  : 0078440080 us:  kernel _Z53ncclSymkDevKernel_ReduceScatter_RailA2A_LsaLD_avg_f1621ncclSymkDevWorkArgs4K declares hidden_hostcall_buffer (device printf/assert) but device gfx1100 has no PCIe AtomicOps to the host (hipDeviceAttributeHostNativeAtomicSupported=0); HIP_HOSTCALL_ALLOW_MISSING=1: its launches proceed with a null hostcall buffer, and a hostcall from it will fault
:1:rockernel.cpp            :32  : 0078440477 us:  kernel _Z56ncclSymkDevKernel_ReduceScatter_RailA2A_LsaLD_avg_f8e5m221ncclSymkDevWorkArgs4K declares hidden_hostcall_buffer (device printf/assert) but device gfx1100 has no PCIe AtomicOps to the host (hipDeviceAttributeHostNativeAtomicSupported=0); HIP_HOSTCALL_ALLOW_MISSING=1: its launches proceed with a null hostcall buffer, and a hostcall from it will fault
:1:rockernel.cpp            :32  : 0078442498 us:  kernel _Z54ncclSymkDevKernel_ReduceScatter_RailA2A_LsaLD_avg_bf1621ncclSymkDevWorkArgs4K declares hidden_hostcall_buffer (device printf/assert) but device gfx1100 has no PCIe AtomicOps to the host (hipDeviceAttributeHostNativeAtomicSupported=0); HIP_HOSTCALL_ALLOW_MISSING=1: its launches proceed with a null hostcall buffer, and a hostcall from it will fault
:1:rockernel.cpp            :32  : 0078446308 us:  kernel _Z56ncclSymkDevKernel_ReduceScatter_RailA2A_LsaLD_avg_f8e4m321ncclSymkDevWorkArgs4K declares hidden_hostcall_buffer (device printf/assert) but device gfx1100 has no PCIe AtomicOps to the host (hipDeviceAttributeHostNativeAtomicSupported=0); HIP_HOSTCALL_ALLOW_MISSING=1: its launches proceed with a null hostcall buffer, and a hostcall from it will fault
:1:rockernel.cpp            :32  : 0078450887 us:  kernel _Z56ncclSymkDevKernel_ReduceScatter_RailA2A_LsaLD_avg_f8e5m221ncclSymkDevWorkArgs4K declares hidden_hostcall_buffer (device printf/assert) but device gfx1100 has no PCIe AtomicOps to the host (hipDeviceAttributeHostNativeAtomicSupported=0); HIP_HOSTCALL_ALLOW_MISSING=1: its launches proceed with a null hostcall buffer, and a hostcall from it will fault
  ok   all_reduce               float32  n=1024     rel=0.000e+00 abs=0.000e+00
  ok   all_reduce               float32  n=1048576  rel=0.000e+00 abs=0.000e+00
  ok   all_reduce               float16  n=1024     rel=4.511e-04 abs=9.766e-04
  ok   all_reduce               float16  n=1048576  rel=4.511e-04 abs=9.766e-04
  ok   all_reduce               bfloat16 n=1024     rel=3.831e-03 abs=7.812e-03
  ok   all_reduce               bfloat16 n=1048576  rel=3.831e-03 abs=7.812e-03
  ok   all_gather_into_tensor   float32  n=1024     rel=0.000e+00 abs=0.000e+00
  ok   all_gather_into_tensor   float32  n=1048576  rel=0.000e+00 abs=0.000e+00
  ok   all_gather_into_tensor   float16  n=1024     rel=0.000e+00 abs=0.000e+00
  ok   all_gather_into_tensor   float16  n=1048576  rel=0.000e+00 abs=0.000e+00
  ok   all_gather_into_tensor   bfloat16 n=1024     rel=0.000e+00 abs=0.000e+00
  ok   all_gather_into_tensor   bfloat16 n=1048576  rel=0.000e+00 abs=0.000e+00
/opt/python/lib/python3.14/site-packages/torch/distributed/c10d_logger.py:83: UserWarning: barrier(): using the device under current context. You can specify `device_id` in `init_process_group` to mute this warning.
  return func(*args, **kwargs)
12/12 cases pass
