W0905 18:12:44.841000 244 torch/distributed/run.py:862] 
W0905 18:12:44.841000 244 torch/distributed/run.py:862] *****************************************
W0905 18:12:44.841000 244 torch/distributed/run.py:862] Setting OMP_NUM_THREADS environment variable for each process to be 1 in default, to avoid your system being overloaded, please further tune the variable for optimal performance in your application as needed. 
W0905 18:12:44.841000 244 torch/distributed/run.py:862] *****************************************
:1:rockernel.cpp            :29  : 0094899453 us:  kernel _Z23ncclDevKernel_Generic_124ncclDevKernelArgsStorageILm4096EE declares hidden_hostcall_buffer (device printf/assert) but device gfx1100 has no PCIe AtomicOps to the host (hipDeviceAttributeHostNativeAtomicSupported=0); its launches will return hipErrorHostcallUnsupported
:1:rockernel.cpp            :29  : 0094899632 us:  kernel _Z23ncclDevKernel_Generic_224ncclDevKernelArgsStorageILm4096EE declares hidden_hostcall_buffer (device printf/assert) but device gfx1100 has no PCIe AtomicOps to the host (hipDeviceAttributeHostNativeAtomicSupported=0); its launches will return hipErrorHostcallUnsupported
:1:rockernel.cpp            :29  : 0094899688 us:  kernel _Z23ncclDevKernel_Generic_424ncclDevKernelArgsStorageILm4096EE declares hidden_hostcall_buffer (device printf/assert) but device gfx1100 has no PCIe AtomicOps to the host (hipDeviceAttributeHostNativeAtomicSupported=0); its launches will return hipErrorHostcallUnsupported
:1:rockernel.cpp            :29  : 0094924043 us:  kernel _Z23ncclDevKernel_Generic_124ncclDevKernelArgsStorageILm4096EE declares hidden_hostcall_buffer (device printf/assert) but device gfx1100 has no PCIe AtomicOps to the host (hipDeviceAttributeHostNativeAtomicSupported=0); its launches will return hipErrorHostcallUnsupported
:1:rockernel.cpp            :29  : 0094924236 us:  kernel _Z23ncclDevKernel_Generic_224ncclDevKernelArgsStorageILm4096EE declares hidden_hostcall_buffer (device printf/assert) but device gfx1100 has no PCIe AtomicOps to the host (hipDeviceAttributeHostNativeAtomicSupported=0); its launches will return hipErrorHostcallUnsupported
:1:rockernel.cpp            :29  : 0094924293 us:  kernel _Z23ncclDevKernel_Generic_424ncclDevKernelArgsStorageILm4096EE declares hidden_hostcall_buffer (device printf/assert) but device gfx1100 has no PCIe AtomicOps to the host (hipDeviceAttributeHostNativeAtomicSupported=0); its launches will return hipErrorHostcallUnsupported
:1:rockernel.cpp            :29  : 0095062641 us:  kernel _Z53ncclSymkDevKernel_ReduceScatter_RailA2A_LsaLD_sum_f3221ncclSymkDevWorkArgs4K declares hidden_hostcall_buffer (device printf/assert) but device gfx1100 has no PCIe AtomicOps to the host (hipDeviceAttributeHostNativeAtomicSupported=0); its launches will return hipErrorHostcallUnsupported
:1:rockernel.cpp            :29  : 0095068206 us:  kernel _Z53ncclSymkDevKernel_ReduceScatter_RailA2A_LsaLD_sum_f1621ncclSymkDevWorkArgs4K declares hidden_hostcall_buffer (device printf/assert) but device gfx1100 has no PCIe AtomicOps to the host (hipDeviceAttributeHostNativeAtomicSupported=0); its launches will return hipErrorHostcallUnsupported
:1:rockernel.cpp            :29  : 0095074665 us:  kernel _Z54ncclSymkDevKernel_ReduceScatter_RailA2A_LsaLD_sum_bf1621ncclSymkDevWorkArgs4K declares hidden_hostcall_buffer (device printf/assert) but device gfx1100 has no PCIe AtomicOps to the host (hipDeviceAttributeHostNativeAtomicSupported=0); its launches will return hipErrorHostcallUnsupported
:1:rockernel.cpp            :29  : 0095090954 us:  kernel _Z53ncclSymkDevKernel_ReduceScatter_RailA2A_LsaLD_sum_f3221ncclSymkDevWorkArgs4K declares hidden_hostcall_buffer (device printf/assert) but device gfx1100 has no PCIe AtomicOps to the host (hipDeviceAttributeHostNativeAtomicSupported=0); its launches will return hipErrorHostcallUnsupported
:1:rockernel.cpp            :29  : 0095092312 us:  kernel _Z56ncclSymkDevKernel_ReduceScatter_RailA2A_LsaLD_sum_f8e4m321ncclSymkDevWorkArgs4K declares hidden_hostcall_buffer (device printf/assert) but device gfx1100 has no PCIe AtomicOps to the host (hipDeviceAttributeHostNativeAtomicSupported=0); its launches will return hipErrorHostcallUnsupported
:1:rockernel.cpp            :29  : 0095096384 us:  kernel _Z53ncclSymkDevKernel_ReduceScatter_RailA2A_LsaLD_sum_f1621ncclSymkDevWorkArgs4K declares hidden_hostcall_buffer (device printf/assert) but device gfx1100 has no PCIe AtomicOps to the host (hipDeviceAttributeHostNativeAtomicSupported=0); its launches will return hipErrorHostcallUnsupported
:1:rockernel.cpp            :29  : 0095100825 us:  kernel _Z54ncclSymkDevKernel_ReduceScatter_RailA2A_LsaLD_sum_bf1621ncclSymkDevWorkArgs4K declares hidden_hostcall_buffer (device printf/assert) but device gfx1100 has no PCIe AtomicOps to the host (hipDeviceAttributeHostNativeAtomicSupported=0); its launches will return hipErrorHostcallUnsupported
:1:rockernel.cpp            :29  : 0095107959 us:  kernel _Z56ncclSymkDevKernel_ReduceScatter_RailA2A_LsaLD_sum_f8e5m221ncclSymkDevWorkArgs4K declares hidden_hostcall_buffer (device printf/assert) but device gfx1100 has no PCIe AtomicOps to the host (hipDeviceAttributeHostNativeAtomicSupported=0); its launches will return hipErrorHostcallUnsupported
:1:rockernel.cpp            :29  : 0095112657 us:  kernel _Z53ncclSymkDevKernel_ReduceScatter_RailA2A_LsaLD_avg_f3221ncclSymkDevWorkArgs4K declares hidden_hostcall_buffer (device printf/assert) but device gfx1100 has no PCIe AtomicOps to the host (hipDeviceAttributeHostNativeAtomicSupported=0); its launches will return hipErrorHostcallUnsupported
:1:rockernel.cpp            :29  : 0095115175 us:  kernel _Z56ncclSymkDevKernel_ReduceScatter_RailA2A_LsaLD_sum_f8e4m321ncclSymkDevWorkArgs4K declares hidden_hostcall_buffer (device printf/assert) but device gfx1100 has no PCIe AtomicOps to the host (hipDeviceAttributeHostNativeAtomicSupported=0); its launches will return hipErrorHostcallUnsupported
:1:rockernel.cpp            :29  : 0095116291 us:  kernel _Z53ncclSymkDevKernel_ReduceScatter_RailA2A_LsaLD_avg_f1621ncclSymkDevWorkArgs4K declares hidden_hostcall_buffer (device printf/assert) but device gfx1100 has no PCIe AtomicOps to the host (hipDeviceAttributeHostNativeAtomicSupported=0); its launches will return hipErrorHostcallUnsupported
:1:rockernel.cpp            :29  : 0095119393 us:  kernel _Z54ncclSymkDevKernel_ReduceScatter_RailA2A_LsaLD_avg_bf1621ncclSymkDevWorkArgs4K declares hidden_hostcall_buffer (device printf/assert) but device gfx1100 has no PCIe AtomicOps to the host (hipDeviceAttributeHostNativeAtomicSupported=0); its launches will return hipErrorHostcallUnsupported
:1:rockernel.cpp            :29  : 0095123893 us:  kernel _Z56ncclSymkDevKernel_ReduceScatter_RailA2A_LsaLD_avg_f8e4m321ncclSymkDevWorkArgs4K declares hidden_hostcall_buffer (device printf/assert) but device gfx1100 has no PCIe AtomicOps to the host (hipDeviceAttributeHostNativeAtomicSupported=0); its launches will return hipErrorHostcallUnsupported
:1:rockernel.cpp            :29  : 0095129354 us:  kernel _Z56ncclSymkDevKernel_ReduceScatter_RailA2A_LsaLD_avg_f8e5m221ncclSymkDevWorkArgs4K declares hidden_hostcall_buffer (device printf/assert) but device gfx1100 has no PCIe AtomicOps to the host (hipDeviceAttributeHostNativeAtomicSupported=0); its launches will return hipErrorHostcallUnsupported
:1:rockernel.cpp            :29  : 0095130621 us:  kernel _Z56ncclSymkDevKernel_ReduceScatter_RailA2A_LsaLD_sum_f8e5m221ncclSymkDevWorkArgs4K declares hidden_hostcall_buffer (device printf/assert) but device gfx1100 has no PCIe AtomicOps to the host (hipDeviceAttributeHostNativeAtomicSupported=0); its launches will return hipErrorHostcallUnsupported
:1:rockernel.cpp            :29  : 0095135621 us:  kernel _Z53ncclSymkDevKernel_ReduceScatter_RailA2A_LsaLD_avg_f3221ncclSymkDevWorkArgs4K declares hidden_hostcall_buffer (device printf/assert) but device gfx1100 has no PCIe AtomicOps to the host (hipDeviceAttributeHostNativeAtomicSupported=0); its launches will return hipErrorHostcallUnsupported
:1:rockernel.cpp            :29  : 0095138357 us:  kernel _Z53ncclSymkDevKernel_ReduceScatter_RailA2A_LsaLD_avg_f1621ncclSymkDevWorkArgs4K declares hidden_hostcall_buffer (device printf/assert) but device gfx1100 has no PCIe AtomicOps to the host (hipDeviceAttributeHostNativeAtomicSupported=0); its launches will return hipErrorHostcallUnsupported
:1:rockernel.cpp            :29  : 0095141225 us:  kernel _Z54ncclSymkDevKernel_ReduceScatter_RailA2A_LsaLD_avg_bf1621ncclSymkDevWorkArgs4K declares hidden_hostcall_buffer (device printf/assert) but device gfx1100 has no PCIe AtomicOps to the host (hipDeviceAttributeHostNativeAtomicSupported=0); its launches will return hipErrorHostcallUnsupported
:1:rockernel.cpp            :29  : 0095145490 us:  kernel _Z56ncclSymkDevKernel_ReduceScatter_RailA2A_LsaLD_avg_f8e4m321ncclSymkDevWorkArgs4K declares hidden_hostcall_buffer (device printf/assert) but device gfx1100 has no PCIe AtomicOps to the host (hipDeviceAttributeHostNativeAtomicSupported=0); its launches will return hipErrorHostcallUnsupported
:1:rockernel.cpp            :29  : 0095150796 us:  kernel _Z56ncclSymkDevKernel_ReduceScatter_RailA2A_LsaLD_avg_f8e5m221ncclSymkDevWorkArgs4K declares hidden_hostcall_buffer (device printf/assert) but device gfx1100 has no PCIe AtomicOps to the host (hipDeviceAttributeHostNativeAtomicSupported=0); its launches will return hipErrorHostcallUnsupported
:1:hip_module.cpp           :356 : 0095368311 us:  launch of _Z23ncclDevKernel_Generic_424ncclDevKernelArgsStorageILm4096EE refu:1:hip_module.cpp           :356 : 0095368311 us:  launch of _Z23ncclDevKernel_Generic_424ncclDevKernelArgsStorageILm4096EE refused: it declares a hostcall buffer and device 1 has no PCIe atomics
sed: it declares a hostcall buffer and device 0 has no PCIe atomics
[rank0]: Traceback (most recent call last):
[rank0]:   File "/rb/b1/collective_correctness.py", line 133, in <module>
[rank0]:     main()
[rank0]:     ~~~~^^
[rank0]:   File "/rb/b1/collective_correctness.py", line 86, in main
[rank0]:     dist.all_reduce(got, op=dist.ReduceOp.SUM)
[rank0]:     ~~~~~~~~~~~~~~~^^^^^^^^^^^^^^^^^^^^^^^^^^^
[rank0]:   File "/opt/python/lib/python3.14/site-packages/torch/distributed/c10d_logger.py", line 83, in wrapper
[rank0]:     return func(*args, **kwargs)
[rank0]:   File "/opt/python/lib/python3.14/site-packages/torch/distributed/distributed_c10d.py", line 3174, in all_reduce
[rank0]:     work = group.allreduce([tensor], opts)
[rank0]: torch.distributed.DistBackendError: NCCL error in: /__w/rockrel/rockrel/external-builds/pytorch/pytorch/torch/csrc/distributed/c10d/ProcessGroupNCCL.cpp:3901, unhandled cuda error (run with NCCL_DEBUG=INFO for details), NCCL version 2.30.4
[rank0]: ncclUnhandledCudaError: Call to CUDA function failed.
[rank0]: Last error:
[rank0]: HIP failure 'kernel declares a hostcall buffer (device printf/assert) that this device cannot provide: no PCIe AtomicOps to the host' at /__w/rockrel/rockrel/build/comm-libs/rccl/build/hipify/src/enqueue.cc:2119
[rank1]: Traceback (most recent call last):
[rank1]:   File "/rb/b1/collective_correctness.py", line 133, in <module>
[rank1]:     main()
[rank1]:     ~~~~^^
[rank1]:   File "/rb/b1/collective_correctness.py", line 86, in main
[rank1]:     dist.all_reduce(got, op=dist.ReduceOp.SUM)
[rank1]:     ~~~~~~~~~~~~~~~^^^^^^^^^^^^^^^^^^^^^^^^^^^
[rank1]:   File "/opt/python/lib/python3.14/site-packages/torch/distributed/c10d_logger.py", line 83, in wrapper
[rank1]:     return func(*args, **kwargs)
[rank1]:   File "/opt/python/lib/python3.14/site-packages/torch/distributed/distributed_c10d.py", line 3174, in all_reduce
[rank1]:     work = group.allreduce([tensor], opts)
[rank1]: torch.distributed.DistBackendError: NCCL error in: /__w/rockrel/rockrel/external-builds/pytorch/pytorch/torch/csrc/distributed/c10d/ProcessGroupNCCL.cpp:3901, unhandled cuda error (run with NCCL_DEBUG=INFO for details), NCCL version 2.30.4
[rank1]: ncclUnhandledCudaError: Call to CUDA function failed.
[rank1]: Last error:
[rank1]: HIP failure 'kernel declares a hostcall buffer (device printf/assert) that this device cannot provide: no PCIe AtomicOps to the host' at /__w/rockrel/rockrel/build/comm-libs/rccl/build/hipify/src/enqueue.cc:2119
[rank0]:[W905 18:12:49.587785112 ProcessGroupNCCL.cpp:1647] Warning: WARNING: destroy_process_group() was not called before program exit, which can leak resources. For more info, please see https://pytorch.org/docs/stable/distributed.html#shutdown (function operator())
E0905 18:12:49.882000 244 torch/distributed/elastic/multiprocessing/api.py:988] failed (exitcode: 1) local_rank: 0 (pid: 273) of binary: /opt/python/bin/python
Traceback (most recent call last):
  File "/opt/python/bin/torchrun", line 6, in <module>
    sys.exit(main())
             ~~~~^^
  File "/opt/python/lib/python3.14/site-packages/torch/distributed/elastic/multiprocessing/errors/__init__.py", line 367, in wrapper
    return f(*args, **kwargs)
  File "/opt/python/lib/python3.14/site-packages/torch/distributed/run.py", line 1016, in main
    run(args)
    ~~~^^^^^^
  File "/opt/python/lib/python3.14/site-packages/torch/distributed/run.py", line 1007, in run
    elastic_launch(
    ~~~~~~~~~~~~~~~
        config=config,
        ~~~~~~~~~~~~~~
        entrypoint=cmd,
        ~~~~~~~~~~~~~~~
    )(*cmd_args)
    ~^^^^^^^^^^^
  File "/opt/python/lib/python3.14/site-packages/torch/distributed/launcher/api.py", line 191, in __call__
    return launch_agent(self._config, self._entrypoint, list(args))
  File "/opt/python/lib/python3.14/site-packages/torch/distributed/launcher/api.py", line 371, in launch_agent
    raise ChildFailedError(
    ...<2 lines>...
    )
torch.distributed.elastic.multiprocessing.errors.ChildFailedError: 
============================================================
collective_correctness.py FAILED
------------------------------------------------------------
Failures:
[1]:
  time      : 2026-09-05_18:12:49
  host      : 28d9b015a5f5
  rank      : 1 (local_rank: 1)
  exitcode  : 1 (pid: 274) 
  error_file: <N/A>
  traceback : To enable traceback see: https://pytorch.org/docs/stable/elastic/errors.html
------------------------------------------------------------
Root Cause (first observed failure):
[0]:
  time      : 2026-09-05_18:12:49
  host      : 28d9b015a5f5
  rank      : 0 (local_rank: 0)
  exitcode  : 1 (pid: 273) 
  error_file: <N/A>
  traceback : To enable traceback see: https://pytorch.org/docs/stable/elastic/errors.html
============================================================
