--- all_gather  (the collective #6565 reports broken)
    $ NCCL_P2P_DISABLE=1 ./build/all_gather_perf -b 8 -e 1M -f 4 -g 2 -c 1
    per-size error column: <none parsed>
    VERDICT: FAILED
--- reduce_scatter (also reported broken)
    $ NCCL_P2P_DISABLE=1 ./build/reduce_scatter_perf -b 8 -e 1M -f 4 -g 2 -c 1
    per-size error column: <none parsed>
    VERDICT: FAILED
--- all_reduce  (reported unaffected — control)
    $ NCCL_P2P_DISABLE=1 ./build/all_reduce_perf -b 8 -e 16M -f 4 -g 2 -c 1
    per-size error column: <none parsed>
    VERDICT: FAILED
--- reduce      (reported to HANG)
    $ NCCL_P2P_DISABLE=1 ./build/reduce_perf -b 8 -e 1M -f 4 -g 2 -c 1
    per-size error column: <none parsed>
    VERDICT: FAILED
--- all_gather, P2P left enabled (their default path)
    $ ./build/all_gather_perf -b 8 -e 1M -f 4 -g 2 -c 1
    per-size error column: <none parsed>
    VERDICT: FAILED
--- all_gather + HSA_DISABLE_CACHE=1 (their cure)
    $ HSA_DISABLE_CACHE=1 NCCL_P2P_DISABLE=1 ./build/all_gather_perf -b 8 -e 1M -f 4 -g 2 -c 1
    per-size error column: <none parsed>
    VERDICT: FAILED
STAGE2B_DONE
