20:46:54 | batch/greedy pass over ['B8']: depths [500, 8000, 32000] batches [1, 2, 4, 8] repeats 5
20:48:07 | B8: warmup ok
20:48:09 | B8: 500 b1 r1 256/1.3s = 194.6 tok/s
20:48:10 | B8: 500 b1 r2 256/1.3s = 195.0 tok/s
20:48:11 | B8: 500 b1 r3 256/1.3s = 195.1 tok/s
20:48:12 | B8: 500 b1 r4 256/1.3s = 194.3 tok/s
20:48:14 | B8: 500 b1 r5 256/1.3s = 194.9 tok/s
20:48:15 | B8: 500 b2 r1 512/1.6s = 328.0 tok/s
20:48:17 | B8: 500 b2 r2 512/1.6s = 328.0 tok/s
20:48:18 | B8: 500 b2 r3 512/1.6s = 327.7 tok/s
20:48:20 | B8: 500 b2 r4 512/1.6s = 324.7 tok/s
20:48:22 | B8: 500 b2 r5 512/1.6s = 328.2 tok/s
20:48:23 | B8: 500 b4 r1 1024/1.8s = 565.4 tok/s
20:48:25 | B8: 500 b4 r2 1024/1.8s = 562.8 tok/s
20:48:27 | B8: 500 b4 r3 1024/1.8s = 559.4 tok/s
20:48:29 | B8: 500 b4 r4 1024/1.8s = 564.4 tok/s
20:48:31 | B8: 500 b4 r5 1024/1.8s = 562.4 tok/s
20:48:36 | B8: 500 b8 r1 2048/4.8s = 427.1 tok/s
20:48:37 | B8: 500 b8 r2 2048/1.8s = 1157.8 tok/s
20:48:39 | B8: 500 b8 r3 2048/1.8s = 1157.4 tok/s
20:48:41 | B8: 500 b8 r4 2048/1.8s = 1158.4 tok/s
20:48:43 | B8: 500 b8 r5 2048/1.8s = 1159.7 tok/s
20:48:44 | B8: 8000 b1 r1 256/1.7s = 149.8 tok/s
20:48:46 | B8: 8000 b1 r2 256/1.7s = 149.6 tok/s
20:48:48 | B8: 8000 b1 r3 256/1.7s = 150.0 tok/s
20:48:49 | B8: 8000 b1 r4 256/1.7s = 149.9 tok/s
20:48:51 | B8: 8000 b1 r5 256/1.7s = 150.1 tok/s
20:48:54 | B8: 8000 b2 r1 512/2.4s = 212.0 tok/s
20:48:56 | B8: 8000 b2 r2 512/2.4s = 212.1 tok/s
20:48:58 | B8: 8000 b2 r3 512/2.4s = 211.9 tok/s
20:49:01 | B8: 8000 b2 r4 512/2.4s = 211.7 tok/s
20:49:03 | B8: 8000 b2 r5 512/2.4s = 211.9 tok/s
20:49:07 | B8: 8000 b4 r1 1024/3.8s = 268.2 tok/s
20:49:11 | B8: 8000 b4 r2 1024/3.8s = 268.7 tok/s
20:49:15 | B8: 8000 b4 r3 1024/3.8s = 268.8 tok/s
20:49:18 | B8: 8000 b4 r4 1024/3.8s = 268.8 tok/s
20:49:22 | B8: 8000 b4 r5 1024/3.8s = 268.6 tok/s
20:49:29 | B8: 8000 b8 r1 2048/6.2s = 328.8 tok/s
20:49:35 | B8: 8000 b8 r2 2048/6.2s = 328.6 tok/s
20:49:41 | B8: 8000 b8 r3 2048/6.2s = 328.5 tok/s
20:49:47 | B8: 8000 b8 r4 2048/6.3s = 325.8 tok/s
20:49:54 | B8: 8000 b8 r5 2048/6.2s = 328.6 tok/s
20:49:58 | B8: 32000 b1 r1 255/4.1s = 62.0 tok/s
20:50:02 | B8: 32000 b1 r2 256/4.1s = 62.5 tok/s
20:50:06 | B8: 32000 b1 r3 256/4.1s = 62.6 tok/s
20:50:10 | B8: 32000 b1 r4 255/4.1s = 62.4 tok/s
20:50:14 | B8: 32000 b1 r5 255/4.1s = 62.2 tok/s
20:50:22 | B8: 32000 b2 r1 512/8.5s = 60.4 tok/s
20:50:31 | B8: 32000 b2 r2 512/8.5s = 60.4 tok/s
20:50:39 | B8: 32000 b2 r3 512/8.5s = 60.4 tok/s
20:50:48 | B8: 32000 b2 r4 512/8.5s = 60.5 tok/s
20:50:56 | B8: 32000 b2 r5 512/8.4s = 60.8 tok/s
20:51:14 | B8: 32000 b4 r1 1024/18.1s = 56.4 tok/s
20:51:33 | B8: 32000 b4 r2 1024/18.1s = 56.5 tok/s
20:51:51 | B8: 32000 b4 r3 1024/18.1s = 56.5 tok/s
20:52:09 | B8: 32000 b4 r4 1024/18.1s = 56.5 tok/s
20:52:27 | B8: 32000 b4 r5 1024/18.1s = 56.5 tok/s
20:53:07 | B8: 32000 b8 r1 2048/39.7s = 51.6 tok/s
20:53:46 | B8: 32000 b8 r2 2048/39.7s = 51.6 tok/s
20:54:26 | B8: 32000 b8 r3 2048/39.7s = 51.6 tok/s
20:55:06 | B8: 32000 b8 r4 2048/39.7s = 51.5 tok/s
20:55:46 | B8: 32000 b8 r5 2048/39.7s = 51.6 tok/s
20:55:46 | B8: greedy r1 128 tokens 8ddccbe1611b
20:55:47 | B8: greedy r2 128 tokens 8ddccbe1611b
20:55:47 | B8: greedy r3 128 tokens 8ddccbe1611b
20:55:48 | B8: greedy r4 128 tokens 8ddccbe1611b
20:55:49 | B8: greedy r5 128 tokens 8ddccbe1611b
20:55:49 | B8: greedy r6 128 tokens 8ddccbe1611b
20:55:50 | B8: greedy r7 128 tokens 8ddccbe1611b
20:55:51 | B8: greedy r8 128 tokens 8ddccbe1611b
20:55:51 | batch/greedy pass done
