W0902 15:20:54.864000 222 torch/distributed/run.py:851] 
W0902 15:20:54.864000 222 torch/distributed/run.py:851] *****************************************
W0902 15:20:54.864000 222 torch/distributed/run.py:851] Setting OMP_NUM_THREADS environment variable for each process to be 1 in default, to avoid your system being overloaded, please further tune the variable for optimal performance in your application as needed. 
W0902 15:20:54.864000 222 torch/distributed/run.py:851] *****************************************
h 2816 n     1       5.5 KiB  stream      55.2 us  sync      89.1 us  graph    21.488 us  local    80.1 us    0.10 GB/s
h 2816 n     2      11.0 KiB  stream      55.8 us  sync      93.4 us  graph    20.336 us  local     7.6 us    0.20 GB/s
h 2816 n     4      22.0 KiB  stream      57.2 us  sync     106.2 us  graph    30.458 us  local     8.0 us    0.39 GB/s
h 2816 n     8      44.0 KiB  stream      57.4 us  sync     107.4 us  graph    30.864 us  local     7.4 us    0.78 GB/s
h 2816 n    16      88.0 KiB  stream      54.9 us  sync     112.6 us  graph    39.918 us  local     8.2 us    1.64 GB/s
h 2816 n    32     176.0 KiB  stream      67.4 us  sync     128.2 us  graph     50.63 us  local     7.9 us    2.67 GB/s
h 2816 n    64     352.0 KiB  stream      87.2 us  sync     145.5 us  graph    69.883 us  local     8.2 us    4.13 GB/s
h 2816 n   256    1408.0 KiB  stream     234.8 us  sync     291.6 us  graph   208.714 us  local    10.1 us    6.14 GB/s
h 2816 n  1024    5632.0 KiB  stream     816.4 us  sync     884.5 us  graph    792.74 us  local    25.6 us    7.06 GB/s
h 2816 n  4096   22528.0 KiB  stream    3115.4 us  sync    3170.1 us  graph  3084.351 us  local    34.2 us    7.41 GB/s
h 2816 n 16384   90112.0 KiB  stream   12294.5 us  sync   12313.5 us  graph  12287.97 us  local   219.4 us    7.50 GB/s
h 3840 n     1       7.5 KiB  stream      56.4 us  sync      82.9 us  graph    19.098 us  local     7.8 us    0.14 GB/s
h 3840 n     2      15.0 KiB  stream      59.2 us  sync      89.5 us  graph    27.703 us  local     7.7 us    0.26 GB/s
h 3840 n     4      30.0 KiB  stream      59.1 us  sync      94.3 us  graph    30.733 us  local     8.0 us    0.52 GB/s
h 3840 n     8      60.0 KiB  stream      58.6 us  sync      93.4 us  graph    29.929 us  local     7.7 us    1.05 GB/s
h 3840 n    16     120.0 KiB  stream      54.5 us  sync     101.8 us  graph    39.872 us  local     8.1 us    2.25 GB/s
h 3840 n    32     240.0 KiB  stream      62.6 us  sync     116.3 us  graph    53.955 us  local     8.0 us    3.92 GB/s
h 3840 n    64     480.0 KiB  stream      95.0 us  sync     148.8 us  graph     82.48 us  local     8.0 us    5.17 GB/s
h 3840 n   256    1920.0 KiB  stream     291.2 us  sync     348.2 us  graph    277.03 us  local     9.1 us    6.75 GB/s
h 3840 n  1024    7680.0 KiB  stream    1085.1 us  sync    1133.4 us  graph  1059.696 us  local    20.2 us    7.25 GB/s
h 3840 n  4096   30720.0 KiB  stream    4213.2 us  sync    4262.5 us  graph  4243.929 us  local    43.1 us    7.47 GB/s
h 3840 n 16384  122880.0 KiB  stream   16687.5 us  sync   16662.3 us  graph 16751.764 us  local   463.6 us    7.54 GB/s
h 4096 n     1       8.0 KiB  stream      56.2 us  sync      79.1 us  graph    16.649 us  local     7.5 us    0.15 GB/s
h 4096 n     2      16.0 KiB  stream      59.4 us  sync      89.1 us  graph    27.308 us  local     7.4 us    0.28 GB/s
h 4096 n     4      32.0 KiB  stream      57.3 us  sync      90.6 us  graph    28.207 us  local     7.5 us    0.57 GB/s
h 4096 n     8      64.0 KiB  stream      60.7 us  sync      94.0 us  graph    30.475 us  local     7.4 us    1.08 GB/s
h 4096 n    16     128.0 KiB  stream      55.2 us  sync     102.2 us  graph    40.405 us  local     8.3 us    2.38 GB/s
h 4096 n    32     256.0 KiB  stream      64.4 us  sync     120.8 us  graph    55.019 us  local     7.7 us    4.07 GB/s
h 4096 n    64     512.0 KiB  stream      98.5 us  sync     151.4 us  graph    86.105 us  local     7.5 us    5.32 GB/s
h 4096 n   256    2048.0 KiB  stream     308.5 us  sync     372.0 us  graph   293.256 us  local     8.9 us    6.80 GB/s
h 4096 n  1024    8192.0 KiB  stream    1169.8 us  sync    1207.3 us  graph  1134.868 us  local    20.6 us    7.17 GB/s
h 4096 n  4096   32768.0 KiB  stream    4503.0 us  sync    4574.5 us  graph  4523.463 us  local    45.9 us    7.45 GB/s
h 4096 n 16384  131072.0 KiB  stream   17874.8 us  sync   18037.8 us  graph 18050.198 us  local   502.8 us    7.51 GB/s
h 5120 n     1      10.0 KiB  stream      58.8 us  sync      82.0 us  graph    19.213 us  local     7.5 us    0.17 GB/s
h 5120 n     2      20.0 KiB  stream      58.6 us  sync      89.7 us  graph     28.07 us  local     7.6 us    0.35 GB/s
h 5120 n     4      40.0 KiB  stream      60.1 us  sync      92.4 us  graph    28.885 us  local     7.4 us    0.68 GB/s
h 5120 n     8      80.0 KiB  stream      52.4 us  sync      97.7 us  graph    36.829 us  local     7.8 us    1.56 GB/s
h 5120 n    16     160.0 KiB  stream      57.6 us  sync     109.6 us  graph    46.163 us  local     7.6 us    2.84 GB/s
h 5120 n    32     320.0 KiB  stream      74.9 us  sync     128.7 us  graph     65.33 us  local     7.7 us    4.37 GB/s
h 5120 n    64     640.0 KiB  stream     116.0 us  sync     170.3 us  graph   105.191 us  local     8.1 us    5.65 GB/s
h 5120 n   256    2560.0 KiB  stream     378.1 us  sync     433.7 us  graph    359.88 us  local     9.2 us    6.93 GB/s
h 5120 n  1024   10240.0 KiB  stream    1457.7 us  sync    1568.5 us  graph  1442.125 us  local    25.0 us    7.19 GB/s
h 5120 n  4096   40960.0 KiB  stream    5645.4 us  sync    5674.0 us  graph  5635.703 us  local    56.5 us    7.43 GB/s
h 5120 n 16384  163840.0 KiB  stream   22280.4 us  sync   22242.6 us  graph 22405.092 us  local   575.6 us    7.53 GB/s
h 5376 n     1      10.5 KiB  stream      56.4 us  sync      81.9 us  graph    19.199 us  local     7.5 us    0.19 GB/s
h 5376 n     2      21.0 KiB  stream      61.7 us  sync      91.1 us  graph    27.666 us  local     7.6 us    0.35 GB/s
h 5376 n     4      42.0 KiB  stream      59.2 us  sync      92.3 us  graph    28.661 us  local     7.8 us    0.73 GB/s
h 5376 n     8      84.0 KiB  stream      53.1 us  sync      98.4 us  graph     37.21 us  local     7.7 us    1.62 GB/s
h 5376 n    16     168.0 KiB  stream      55.9 us  sync     111.1 us  graph    47.824 us  local     7.7 us    3.08 GB/s
h 5376 n    32     336.0 KiB  stream      76.8 us  sync     129.9 us  graph     67.81 us  local     7.8 us    4.48 GB/s
h 5376 n    64     672.0 KiB  stream     123.4 us  sync     175.2 us  graph    111.32 us  local     7.7 us    5.58 GB/s
h 5376 n   256    2688.0 KiB  stream     413.9 us  sync     470.5 us  graph   402.673 us  local     9.2 us    6.65 GB/s
h 5376 n  1024   10752.0 KiB  stream    1543.0 us  sync    1596.8 us  graph  1497.769 us  local    26.0 us    7.14 GB/s
h 5376 n  4096   43008.0 KiB  stream    5926.2 us  sync    5992.8 us  graph  5916.036 us  local    58.0 us    7.43 GB/s
h 5376 n 16384  172032.0 KiB  stream   23970.2 us  sync   24054.8 us  graph 23871.879 us  local   598.3 us    7.35 GB/s
